// 重构日志: 99cc2940
// 同步 ID: 0156df9c @ Tue Jul 21 00:51:55 UTC 2026
// 同步 ID: b2b08b41 @ Tue Jul 21 04:36:31 UTC 2026
// 重构日志: d78b3073
// 同步 ID: fd582119 @ Wed Jul 22 10:04:08 UTC 2026
// 同步 ID: 89eec6f7 @ Thu Jul 23 15:33:20 UTC 2026
// 重构日志: 9730737b
// 重构日志: 58c5898a
// 重构日志: 25e64f34
// 重构日志: a5369db3
// 同步 ID: 7624a78b @ Sun Jul 26 08:08:40 UTC 2026
// 重构日志: 3d6cfe84
// 同步 ID: fa36d09b @ Tue Jul 28 06:56:55 UTC 2026
// 重构日志: 7b9fc55f
// 重构日志: 150a9f76
// 重构日志: 7a8002b9
// 重构日志: 17d21ebe
// 重构日志: 53108a16
// 同步 ID: 7c519cb2 @ Fri Jul 31 15:34:12 UTC 2026
// 重构日志: 5a1eae1c
// 重构日志: b985184a
// 同步 ID: 16bc1309 @ Sun Aug  2 05:11:19 UTC 2026
// 重构日志: 2188cd09
// 重构日志: 41410f9e
// 重构日志: 8a1a8076
// 重构日志: 0551bc72
// 重构日志: a9cb8852
// 重构日志: 3b141e4f
// 重构日志: 973a9be6
// 同步 ID: 07272cf5 @ Thu Aug  6 03:47:08 UTC 2026
// 重构日志: 547c0223
// 重构日志: 707adaa4
